=== scan start: 2026-03-13T19:29:11 ===
project_key=KIOSK out=.\out user=lakamine repos=Kiosk,KioskAutomation pr_start=01-01-2026 pr_end=03-13-2026
log_file=.\out\scan.log
include_comment_text=False enable_diffstat=True

Scanning repo: KIOSK/kiosk
  PR #10588 [MERGED] author=lakamine title=KSO-7290 Finding parent order item by child sellsequence
    fetching activities (review events)...
    fetching commits list...
    commit 1: 440cecf462086f6101c82be5693d15b264d0b86b diffstat...
  PR #10564 [MERGED] author=lakamine title=KSO-6911 Improvement to avoid exception (Cherry pick of KSO_6488)
    fetching activities (review events)...
    fetching commits list...
    commit 1: ac6d458b5b52f9d2da672eb292f570298669b6d4 diffstat...
    commit 2: 02cd839cac4d056ef82cd501bd87235acf22d5b9 diffstat...
  PR #10563 [MERGED] author=lakamine title=KSO-6911 Improvement to avoid exception (Cherry pick of KSO_6488)
    fetching activities (review events)...
    fetching commits list...
    commit 1: bdad935802eacca158ac5e417b19feea83d3847b diffstat...
    commit 2: 9fd2b6240d2a6506e59d35156431964a5d090308 diffstat...
  PR #10566 [MERGED] author=lakamine title=KSO-6911 Improvement to avoid exception (Cherry pick of KSO_6488)
    fetching activities (review events)...
    fetching commits list...
    commit 1: e7643cf26566225d959bb75ac27db439f58dbbf0 diffstat...
    commit 2: f3335c2c96409015c32f91a7bb8c61fbbfa64870 diffstat...
  PR #10565 [MERGED] author=lakamine title=KSO-6911 Improvement to avoid exception (Cherry pick of KSO_6488)
    fetching activities (review events)...
    fetching commits list...
    commit 1: e6a0ac919657d04b4fe653b7408f45bc895391fd diffstat...
  PR #10518 [MERGED] author=lakamine title=KSO-7007 Added log when "ReceiptAckConfirmation" message is received
    fetching activities (review events)...
    fetching commits list...
    commit 1: 80b4d9ef72f84d01d0d9fa7dbca1ee452be85b4e diffstat...
  PR #10503 [MERGED] author=lakamine title=KSO-6830 Added logs during parameters mapping in Np6Integator Kiosk extension
    fetching activities (review events)...
    fetching commits list...
    commit 1: 0c8b264dd8bc2f4905b845ca84a2eae9703bd262 diffstat...
  PR #10502 [MERGED] author=lakamine title=KSO-6830 Added logs during parameters mapping in Np6Integator Kiosk extension
    fetching activities (review events)...
    fetching commits list...
    commit 1: 2b7d27d039eb26174550c35bc1c04df7b66b7cf2 diffstat...
  PR #10501 [MERGED] author=lakamine title=KSO-6830 Added logs during parameters mapping in Np6Integator Kiosk extension
    fetching activities (review events)...
    fetching commits list...
    commit 1: 6542e98b19a8e9f1c20cbe2aae005844f094fc70 diffstat...
  PR #10498 [MERGED] author=lakamine title=KSO-6830 Added logs during parameters mapping in Np6Integator Kiosk extension
    fetching activities (review events)...
    fetching commits list...
    commit 1: 46146e4f828a5a11daeca5185979e0120ef370d0 diffstat...
    commit 2: c519fc00702184e70310653ecb378e1efce16e58 diffstat...
    commit 3: 8d9c8d9545d955f9977f2765e225240f55d40f19 diffstat...
    commit 4: 59ffbf50e2123b3a22987e393f25c0675f6e1bc8 diffstat...
    commit 5: 1c66de5d174e02a2d24fd2eacfdb130a4eb3dacb diffstat...
  PR #10487 [MERGED] author=lakamine title=KSO-6942 Included NodeName in MessageHub subscription
    fetching activities (review events)...
    fetching commits list...
    commit 1: e4db6fb87b9312e17572f6877da160ff67e51137 diffstat...
  PR #10488 [MERGED] author=lakamine title=KSO-6942 Included NodeName in MessageHub subscription
    fetching activities (review events)...
    fetching commits list...
    commit 1: 03e5ae48921756d457b586e29c975bb3fba4e3c4 diffstat...
  PR #10486 [MERGED] author=lakamine title=KSO-6942 Included NodeName in MessageHub subscription
    fetching activities (review events)...
    fetching commits list...
    commit 1: cd1f4b088513df665210cc54e97baf61e0268d43 diffstat...
  PR #10482 [MERGED] author=lakamine title=KSO-6689 Created AnalyticsProcessor class responsible to send analytics events
    fetching activities (review events)...
    fetching commits list...
    commit 1: 96ad9bedf244a92048540df42a15ee1dcd5c7fba diffstat...
  PR #10467 [MERGED] author=lakamine title=KSO-6942 Changed to Subscribe and Unsubscrine when Starting and Stopping Kiosk and Added logs for DigitalReceipt
    fetching activities (review events)...
    fetching commits list...
    commit 1: 7c023c7c1266f0a00f644192efda1219879edc49 diffstat...
  PR #10468 [MERGED] author=lakamine title=KSO-6942 Changed to Subscribe and Unsubscrine when Starting and Stopping Kiosk and Added logs for DigitalReceipt
    fetching activities (review events)...
    fetching commits list...
    commit 1: db1c1fdba8c987b0ccf727097c32a4461f610eae diffstat...
  PR #10463 [MERGED] author=lakamine title=KSO-6942 Changed to Subscribe and Unsubscrine when Starting and Stopping Kiosk and Added logs for DigitalReceipt
    fetching activities (review events)...
    fetching commits list...
    commit 1: fbe11f405c36ff8ae08b0bcfed005ede08c82b52 diffstat...

Scanning repo: KIOSK/kioskautomation

Wrote: .\out\prs.csv
Wrote: .\out\commits.csv
Wrote: .\out\users_summary.csv
Wrote: .\out\pr_review_events.csv
Wrote: .\out\pr_review_metrics.csv
=== scan end: 2026-03-13T19:35:30 ===
=== scan start: 2026-03-13T19:38:34 ===
project_key=KIOSK out=.\out user=lakamine repos=Kiosk,KioskAutomation pr_start=01-01-2026 pr_end=03-13-2026
log_file=.\out\scan.log
include_comment_text=False enable_diffstat=True

Scanning repo: KIOSK/kiosk
  PR #10588 [MERGED] author=lakamine title=KSO-7290 Finding parent order item by child sellsequence
    fetching activities (review events)...
    fetching commits list...
    commit 1: 440cecf462086f6101c82be5693d15b264d0b86b diffstat...
  PR #10564 [MERGED] author=lakamine title=KSO-6911 Improvement to avoid exception (Cherry pick of KSO_6488)
    fetching activities (review events)...
    fetching commits list...
    commit 1: ac6d458b5b52f9d2da672eb292f570298669b6d4 diffstat...
    commit 2: 02cd839cac4d056ef82cd501bd87235acf22d5b9 diffstat...
  PR #10563 [MERGED] author=lakamine title=KSO-6911 Improvement to avoid exception (Cherry pick of KSO_6488)
    fetching activities (review events)...
    fetching commits list...
    commit 1: bdad935802eacca158ac5e417b19feea83d3847b diffstat...
    commit 2: 9fd2b6240d2a6506e59d35156431964a5d090308 diffstat...
  PR #10566 [MERGED] author=lakamine title=KSO-6911 Improvement to avoid exception (Cherry pick of KSO_6488)
    fetching activities (review events)...
    fetching commits list...
    commit 1: e7643cf26566225d959bb75ac27db439f58dbbf0 diffstat...
    commit 2: f3335c2c96409015c32f91a7bb8c61fbbfa64870 diffstat...
  PR #10565 [MERGED] author=lakamine title=KSO-6911 Improvement to avoid exception (Cherry pick of KSO_6488)
    fetching activities (review events)...
    fetching commits list...
    commit 1: e6a0ac919657d04b4fe653b7408f45bc895391fd diffstat...
  PR #10518 [MERGED] author=lakamine title=KSO-7007 Added log when "ReceiptAckConfirmation" message is received
    fetching activities (review events)...
    fetching commits list...
    commit 1: 80b4d9ef72f84d01d0d9fa7dbca1ee452be85b4e diffstat...
  PR #10503 [MERGED] author=lakamine title=KSO-6830 Added logs during parameters mapping in Np6Integator Kiosk extension
    fetching activities (review events)...
    fetching commits list...
    commit 1: 0c8b264dd8bc2f4905b845ca84a2eae9703bd262 diffstat...
  PR #10502 [MERGED] author=lakamine title=KSO-6830 Added logs during parameters mapping in Np6Integator Kiosk extension
    fetching activities (review events)...
    fetching commits list...
    commit 1: 2b7d27d039eb26174550c35bc1c04df7b66b7cf2 diffstat...
  PR #10501 [MERGED] author=lakamine title=KSO-6830 Added logs during parameters mapping in Np6Integator Kiosk extension
    fetching activities (review events)...
    fetching commits list...
    commit 1: 6542e98b19a8e9f1c20cbe2aae005844f094fc70 diffstat...
  PR #10498 [MERGED] author=lakamine title=KSO-6830 Added logs during parameters mapping in Np6Integator Kiosk extension
    fetching activities (review events)...
    fetching commits list...
    commit 1: 46146e4f828a5a11daeca5185979e0120ef370d0 diffstat...
    commit 2: c519fc00702184e70310653ecb378e1efce16e58 diffstat...
    commit 3: 8d9c8d9545d955f9977f2765e225240f55d40f19 diffstat...
    commit 4: 59ffbf50e2123b3a22987e393f25c0675f6e1bc8 diffstat...
    commit 5: 1c66de5d174e02a2d24fd2eacfdb130a4eb3dacb diffstat...
  PR #10487 [MERGED] author=lakamine title=KSO-6942 Included NodeName in MessageHub subscription
    fetching activities (review events)...
    fetching commits list...
    commit 1: e4db6fb87b9312e17572f6877da160ff67e51137 diffstat...
  PR #10488 [MERGED] author=lakamine title=KSO-6942 Included NodeName in MessageHub subscription
    fetching activities (review events)...
    fetching commits list...
    commit 1: 03e5ae48921756d457b586e29c975bb3fba4e3c4 diffstat...
  PR #10486 [MERGED] author=lakamine title=KSO-6942 Included NodeName in MessageHub subscription
    fetching activities (review events)...
    fetching commits list...
    commit 1: cd1f4b088513df665210cc54e97baf61e0268d43 diffstat...
  PR #10482 [MERGED] author=lakamine title=KSO-6689 Created AnalyticsProcessor class responsible to send analytics events
    fetching activities (review events)...
    fetching commits list...
    commit 1: 96ad9bedf244a92048540df42a15ee1dcd5c7fba diffstat...
  PR #10467 [MERGED] author=lakamine title=KSO-6942 Changed to Subscribe and Unsubscrine when Starting and Stopping Kiosk and Added logs for DigitalReceipt
    fetching activities (review events)...
    fetching commits list...
    commit 1: 7c023c7c1266f0a00f644192efda1219879edc49 diffstat...
  PR #10468 [MERGED] author=lakamine title=KSO-6942 Changed to Subscribe and Unsubscrine when Starting and Stopping Kiosk and Added logs for DigitalReceipt
    fetching activities (review events)...
    fetching commits list...
    commit 1: db1c1fdba8c987b0ccf727097c32a4461f610eae diffstat...
  PR #10463 [MERGED] author=lakamine title=KSO-6942 Changed to Subscribe and Unsubscrine when Starting and Stopping Kiosk and Added logs for DigitalReceipt
    fetching activities (review events)...
    fetching commits list...
    commit 1: fbe11f405c36ff8ae08b0bcfed005ede08c82b52 diffstat...

Scanning repo: KIOSK/kioskautomation

Wrote: .\out\prs.csv
Wrote: .\out\commits.csv
Wrote: .\out\users_summary.csv
Wrote: .\out\pr_review_events.csv
Wrote: .\out\pr_review_metrics.csv
=== scan end: 2026-03-13T23:20:05 ===
=== scan start: 2026-03-17T10:44:52 ===
project_key=KIOSK out=.\out user=lakamine repos=Kiosk,KioskAutomation pr_start=01-01-2026 pr_end=03-13-2026
log_file=.\out\scan.log
include_comment_text=False enable_diffstat=True debug_diffstat_dir=.\out

Scanning repo: KIOSK/kiosk
  PR #10588 [MERGED] author=lakamine title=KSO-7290 Finding parent order item by child sellsequence
    fetching activities (review events)...
    fetching commits list...
    commit 1: 440cecf462086f6101c82be5693d15b264d0b86b diffstat...
  PR #10564 [MERGED] author=lakamine title=KSO-6911 Improvement to avoid exception (Cherry pick of KSO_6488)
    fetching activities (review events)...
    fetching commits list...
    commit 1: ac6d458b5b52f9d2da672eb292f570298669b6d4 diffstat...
    commit 2: 02cd839cac4d056ef82cd501bd87235acf22d5b9 diffstat...
  PR #10563 [MERGED] author=lakamine title=KSO-6911 Improvement to avoid exception (Cherry pick of KSO_6488)
    fetching activities (review events)...
    fetching commits list...
    commit 1: bdad935802eacca158ac5e417b19feea83d3847b diffstat...
    commit 2: 9fd2b6240d2a6506e59d35156431964a5d090308 diffstat...
  PR #10566 [MERGED] author=lakamine title=KSO-6911 Improvement to avoid exception (Cherry pick of KSO_6488)
    fetching activities (review events)...
    fetching commits list...
    commit 1: e7643cf26566225d959bb75ac27db439f58dbbf0 diffstat...
    commit 2: f3335c2c96409015c32f91a7bb8c61fbbfa64870 diffstat...
  PR #10565 [MERGED] author=lakamine title=KSO-6911 Improvement to avoid exception (Cherry pick of KSO_6488)
    fetching activities (review events)...
    fetching commits list...
    commit 1: e6a0ac919657d04b4fe653b7408f45bc895391fd diffstat...
  PR #10518 [MERGED] author=lakamine title=KSO-7007 Added log when "ReceiptAckConfirmation" message is received
    fetching activities (review events)...
    fetching commits list...
    commit 1: 80b4d9ef72f84d01d0d9fa7dbca1ee452be85b4e diffstat...
  PR #10503 [MERGED] author=lakamine title=KSO-6830 Added logs during parameters mapping in Np6Integator Kiosk extension
    fetching activities (review events)...
    fetching commits list...
    commit 1: 0c8b264dd8bc2f4905b845ca84a2eae9703bd262 diffstat...
  PR #10502 [MERGED] author=lakamine title=KSO-6830 Added logs during parameters mapping in Np6Integator Kiosk extension
    fetching activities (review events)...
    fetching commits list...
    commit 1: 2b7d27d039eb26174550c35bc1c04df7b66b7cf2 diffstat...
  PR #10501 [MERGED] author=lakamine title=KSO-6830 Added logs during parameters mapping in Np6Integator Kiosk extension
    fetching activities (review events)...
    fetching commits list...
    commit 1: 6542e98b19a8e9f1c20cbe2aae005844f094fc70 diffstat...
  PR #10498 [MERGED] author=lakamine title=KSO-6830 Added logs during parameters mapping in Np6Integator Kiosk extension
    fetching activities (review events)...
    fetching commits list...
    commit 1: 46146e4f828a5a11daeca5185979e0120ef370d0 diffstat...
    commit 2: c519fc00702184e70310653ecb378e1efce16e58 diffstat...
    commit 3: 8d9c8d9545d955f9977f2765e225240f55d40f19 diffstat...
    commit 4: 59ffbf50e2123b3a22987e393f25c0675f6e1bc8 diffstat...
    commit 5: 1c66de5d174e02a2d24fd2eacfdb130a4eb3dacb diffstat...
  PR #10487 [MERGED] author=lakamine title=KSO-6942 Included NodeName in MessageHub subscription
    fetching activities (review events)...
    fetching commits list...
    commit 1: e4db6fb87b9312e17572f6877da160ff67e51137 diffstat...
  PR #10488 [MERGED] author=lakamine title=KSO-6942 Included NodeName in MessageHub subscription
    fetching activities (review events)...
    fetching commits list...
    commit 1: 03e5ae48921756d457b586e29c975bb3fba4e3c4 diffstat...
  PR #10486 [MERGED] author=lakamine title=KSO-6942 Included NodeName in MessageHub subscription
    fetching activities (review events)...
    fetching commits list...
    commit 1: cd1f4b088513df665210cc54e97baf61e0268d43 diffstat...
  PR #10482 [MERGED] author=lakamine title=KSO-6689 Created AnalyticsProcessor class responsible to send analytics events
    fetching activities (review events)...
    fetching commits list...
    commit 1: 96ad9bedf244a92048540df42a15ee1dcd5c7fba diffstat...
  PR #10467 [MERGED] author=lakamine title=KSO-6942 Changed to Subscribe and Unsubscrine when Starting and Stopping Kiosk and Added logs for DigitalReceipt
    fetching activities (review events)...
    fetching commits list...
    commit 1: 7c023c7c1266f0a00f644192efda1219879edc49 diffstat...
  PR #10468 [MERGED] author=lakamine title=KSO-6942 Changed to Subscribe and Unsubscrine when Starting and Stopping Kiosk and Added logs for DigitalReceipt
    fetching activities (review events)...
    fetching commits list...
    commit 1: db1c1fdba8c987b0ccf727097c32a4461f610eae diffstat...
  PR #10463 [MERGED] author=lakamine title=KSO-6942 Changed to Subscribe and Unsubscrine when Starting and Stopping Kiosk and Added logs for DigitalReceipt
    fetching activities (review events)...
    fetching commits list...
    commit 1: fbe11f405c36ff8ae08b0bcfed005ede08c82b52 diffstat...

Scanning repo: KIOSK/kioskautomation

Wrote: .\out\prs.csv
Wrote: .\out\commits.csv
Wrote: .\out\users_summary.csv
Wrote: .\out\pr_review_events.csv
Wrote: .\out\pr_review_metrics.csv
=== scan end: 2026-03-17T10:51:14 ===
=== scan start: 2026-03-17T11:19:45 ===
project_key=KIOSK out=.\out user=lakamine repos=Kiosk,KioskAutomation pr_start=01-01-2026 pr_end=03-13-2026
log_file=.\out\scan.log
include_comment_text=False enable_diffstat=True debug_diffstat_dir=.\out

Scanning repo: KIOSK/kiosk
  PR #10588 [MERGED] author=lakamine title=KSO-7290 Finding parent order item by child sellsequence
    fetching activities (review events)...
    fetching commits list...
    commit 1: 440cecf462086f6101c82be5693d15b264d0b86b diffstat...
  PR #10564 [MERGED] author=lakamine title=KSO-6911 Improvement to avoid exception (Cherry pick of KSO_6488)
    fetching activities (review events)...
    fetching commits list...
    commit 1: ac6d458b5b52f9d2da672eb292f570298669b6d4 diffstat...
    commit 2: 02cd839cac4d056ef82cd501bd87235acf22d5b9 diffstat...
  PR #10563 [MERGED] author=lakamine title=KSO-6911 Improvement to avoid exception (Cherry pick of KSO_6488)
    fetching activities (review events)...
    fetching commits list...
    commit 1: bdad935802eacca158ac5e417b19feea83d3847b diffstat...
    commit 2: 9fd2b6240d2a6506e59d35156431964a5d090308 diffstat...
  PR #10566 [MERGED] author=lakamine title=KSO-6911 Improvement to avoid exception (Cherry pick of KSO_6488)
    fetching activities (review events)...
    fetching commits list...
    commit 1: e7643cf26566225d959bb75ac27db439f58dbbf0 diffstat...
    commit 2: f3335c2c96409015c32f91a7bb8c61fbbfa64870 diffstat...
  PR #10565 [MERGED] author=lakamine title=KSO-6911 Improvement to avoid exception (Cherry pick of KSO_6488)
    fetching activities (review events)...
    fetching commits list...
    commit 1: e6a0ac919657d04b4fe653b7408f45bc895391fd diffstat...
  PR #10518 [MERGED] author=lakamine title=KSO-7007 Added log when "ReceiptAckConfirmation" message is received
    fetching activities (review events)...
    fetching commits list...
    commit 1: 80b4d9ef72f84d01d0d9fa7dbca1ee452be85b4e diffstat...
  PR #10503 [MERGED] author=lakamine title=KSO-6830 Added logs during parameters mapping in Np6Integator Kiosk extension
    fetching activities (review events)...
    fetching commits list...
    commit 1: 0c8b264dd8bc2f4905b845ca84a2eae9703bd262 diffstat...
  PR #10502 [MERGED] author=lakamine title=KSO-6830 Added logs during parameters mapping in Np6Integator Kiosk extension
    fetching activities (review events)...
    fetching commits list...
    commit 1: 2b7d27d039eb26174550c35bc1c04df7b66b7cf2 diffstat...
  PR #10501 [MERGED] author=lakamine title=KSO-6830 Added logs during parameters mapping in Np6Integator Kiosk extension
    fetching activities (review events)...
    fetching commits list...
    commit 1: 6542e98b19a8e9f1c20cbe2aae005844f094fc70 diffstat...
  PR #10498 [MERGED] author=lakamine title=KSO-6830 Added logs during parameters mapping in Np6Integator Kiosk extension
    fetching activities (review events)...
    fetching commits list...
    commit 1: 46146e4f828a5a11daeca5185979e0120ef370d0 diffstat...
    commit 2: c519fc00702184e70310653ecb378e1efce16e58 diffstat...
    commit 3: 8d9c8d9545d955f9977f2765e225240f55d40f19 diffstat...
    commit 4: 59ffbf50e2123b3a22987e393f25c0675f6e1bc8 diffstat...
    commit 5: 1c66de5d174e02a2d24fd2eacfdb130a4eb3dacb diffstat...
  PR #10487 [MERGED] author=lakamine title=KSO-6942 Included NodeName in MessageHub subscription
    fetching activities (review events)...
    fetching commits list...
    commit 1: e4db6fb87b9312e17572f6877da160ff67e51137 diffstat...
  PR #10488 [MERGED] author=lakamine title=KSO-6942 Included NodeName in MessageHub subscription
    fetching activities (review events)...
    fetching commits list...
    commit 1: 03e5ae48921756d457b586e29c975bb3fba4e3c4 diffstat...
  PR #10486 [MERGED] author=lakamine title=KSO-6942 Included NodeName in MessageHub subscription
    fetching activities (review events)...
    fetching commits list...
    commit 1: cd1f4b088513df665210cc54e97baf61e0268d43 diffstat...
  PR #10482 [MERGED] author=lakamine title=KSO-6689 Created AnalyticsProcessor class responsible to send analytics events
    fetching activities (review events)...
    fetching commits list...
    commit 1: 96ad9bedf244a92048540df42a15ee1dcd5c7fba diffstat...
  PR #10467 [MERGED] author=lakamine title=KSO-6942 Changed to Subscribe and Unsubscrine when Starting and Stopping Kiosk and Added logs for DigitalReceipt
    fetching activities (review events)...
    fetching commits list...
    commit 1: 7c023c7c1266f0a00f644192efda1219879edc49 diffstat...
  PR #10468 [MERGED] author=lakamine title=KSO-6942 Changed to Subscribe and Unsubscrine when Starting and Stopping Kiosk and Added logs for DigitalReceipt
    fetching activities (review events)...
    fetching commits list...
    commit 1: db1c1fdba8c987b0ccf727097c32a4461f610eae diffstat...
  PR #10463 [MERGED] author=lakamine title=KSO-6942 Changed to Subscribe and Unsubscrine when Starting and Stopping Kiosk and Added logs for DigitalReceipt
    fetching activities (review events)...
    fetching commits list...
    commit 1: fbe11f405c36ff8ae08b0bcfed005ede08c82b52 diffstat...

Scanning repo: KIOSK/kioskautomation

Wrote: .\out\prs.csv
Wrote: .\out\commits.csv
Wrote: .\out\users_summary.csv
Wrote: .\out\pr_review_events.csv
Wrote: .\out\pr_review_metrics.csv
=== scan end: 2026-03-17T11:31:33 ===
=== scan start: 2026-03-17T11:58:50 ===
project_key=KIOSK out=C:\source\OneDrive - Capgemini\Capgemini\RDI\BitBucket-Metrics\out user=lakamine repos=KioskAutomation pr_start=01-01-2026 pr_end=03-17-2026
log_file=C:\source\OneDrive - Capgemini\Capgemini\RDI\BitBucket-Metrics\out\scan.log
include_comment_text=False enable_diffstat=True debug_diffstat_dir=

Scanning repo: KIOSK/kioskautomation

Wrote: C:\source\OneDrive - Capgemini\Capgemini\RDI\BitBucket-Metrics\out\prs.csv
Wrote: C:\source\OneDrive - Capgemini\Capgemini\RDI\BitBucket-Metrics\out\commits.csv
Wrote: C:\source\OneDrive - Capgemini\Capgemini\RDI\BitBucket-Metrics\out\users_summary.csv
Wrote: C:\source\OneDrive - Capgemini\Capgemini\RDI\BitBucket-Metrics\out\pr_review_events.csv
Wrote: C:\source\OneDrive - Capgemini\Capgemini\RDI\BitBucket-Metrics\out\pr_review_metrics.csv
=== scan end: 2026-03-17T11:59:03 ===
=== scan start: 2026-03-17T12:11:53 ===
project_key=KIOSK out=C:\source\OneDrive - Capgemini\Capgemini\RDI\BitBucket-Metrics\out user=lakamine repos=KioskAutomation pr_start=01-01-2026 pr_end=03-17-2026
log_file=C:\source\OneDrive - Capgemini\Capgemini\RDI\BitBucket-Metrics\out\scan.log
include_comment_text=False enable_diffstat=True debug_diffstat_dir=

Scanning repo: KIOSK/kioskautomation

Wrote: C:\source\OneDrive - Capgemini\Capgemini\RDI\BitBucket-Metrics\out\prs.csv
Wrote: C:\source\OneDrive - Capgemini\Capgemini\RDI\BitBucket-Metrics\out\commits.csv
Wrote: C:\source\OneDrive - Capgemini\Capgemini\RDI\BitBucket-Metrics\out\users_summary.csv
Wrote: C:\source\OneDrive - Capgemini\Capgemini\RDI\BitBucket-Metrics\out\pr_review_events.csv
Wrote: C:\source\OneDrive - Capgemini\Capgemini\RDI\BitBucket-Metrics\out\pr_review_metrics.csv
=== scan end: 2026-03-17T12:12:05 ===
=== scan start: 2026-03-17T12:18:11 ===
project_key=KIOSK out=C:\source\OneDrive - Capgemini\Capgemini\RDI\BitBucket-Metrics\out user=lakamine repos=Kiosk pr_start=01-01-2026 pr_end=03-13-2026
log_file=C:\source\OneDrive - Capgemini\Capgemini\RDI\BitBucket-Metrics\out\scan.log
include_comment_text=False enable_diffstat=True debug_diffstat_dir=

Scanning repo: KIOSK/kiosk
  PR #10588 [MERGED] author=lakamine title=KSO-7290 Finding parent order item by child sellsequence
    fetching activities (review events)...
    fetching commits list...
    commit 1: 440cecf462086f6101c82be5693d15b264d0b86b diffstat...
  PR #10564 [MERGED] author=lakamine title=KSO-6911 Improvement to avoid exception (Cherry pick of KSO_6488)
    fetching activities (review events)...
    fetching commits list...
    commit 1: ac6d458b5b52f9d2da672eb292f570298669b6d4 diffstat...
    commit 2: 02cd839cac4d056ef82cd501bd87235acf22d5b9 diffstat...
  PR #10563 [MERGED] author=lakamine title=KSO-6911 Improvement to avoid exception (Cherry pick of KSO_6488)
    fetching activities (review events)...
    fetching commits list...
    commit 1: bdad935802eacca158ac5e417b19feea83d3847b diffstat...
    commit 2: 9fd2b6240d2a6506e59d35156431964a5d090308 diffstat...
  PR #10566 [MERGED] author=lakamine title=KSO-6911 Improvement to avoid exception (Cherry pick of KSO_6488)
    fetching activities (review events)...
    fetching commits list...
    commit 1: e7643cf26566225d959bb75ac27db439f58dbbf0 diffstat...
    commit 2: f3335c2c96409015c32f91a7bb8c61fbbfa64870 diffstat...
  PR #10565 [MERGED] author=lakamine title=KSO-6911 Improvement to avoid exception (Cherry pick of KSO_6488)
    fetching activities (review events)...
    fetching commits list...
    commit 1: e6a0ac919657d04b4fe653b7408f45bc895391fd diffstat...
  PR #10518 [MERGED] author=lakamine title=KSO-7007 Added log when "ReceiptAckConfirmation" message is received
    fetching activities (review events)...
    fetching commits list...
    commit 1: 80b4d9ef72f84d01d0d9fa7dbca1ee452be85b4e diffstat...
  PR #10503 [MERGED] author=lakamine title=KSO-6830 Added logs during parameters mapping in Np6Integator Kiosk extension
    fetching activities (review events)...
    fetching commits list...
    commit 1: 0c8b264dd8bc2f4905b845ca84a2eae9703bd262 diffstat...
  PR #10502 [MERGED] author=lakamine title=KSO-6830 Added logs during parameters mapping in Np6Integator Kiosk extension
    fetching activities (review events)...
    fetching commits list...
    commit 1: 2b7d27d039eb26174550c35bc1c04df7b66b7cf2 diffstat...
  PR #10501 [MERGED] author=lakamine title=KSO-6830 Added logs during parameters mapping in Np6Integator Kiosk extension
    fetching activities (review events)...
    fetching commits list...
    commit 1: 6542e98b19a8e9f1c20cbe2aae005844f094fc70 diffstat...
  PR #10498 [MERGED] author=lakamine title=KSO-6830 Added logs during parameters mapping in Np6Integator Kiosk extension
    fetching activities (review events)...
    fetching commits list...
    commit 1: 46146e4f828a5a11daeca5185979e0120ef370d0 diffstat...
    commit 2: c519fc00702184e70310653ecb378e1efce16e58 diffstat...
    commit 3: 8d9c8d9545d955f9977f2765e225240f55d40f19 diffstat...
    commit 4: 59ffbf50e2123b3a22987e393f25c0675f6e1bc8 diffstat...
    commit 5: 1c66de5d174e02a2d24fd2eacfdb130a4eb3dacb diffstat...
  PR #10487 [MERGED] author=lakamine title=KSO-6942 Included NodeName in MessageHub subscription
    fetching activities (review events)...
    fetching commits list...
    commit 1: e4db6fb87b9312e17572f6877da160ff67e51137 diffstat...
  PR #10488 [MERGED] author=lakamine title=KSO-6942 Included NodeName in MessageHub subscription
    fetching activities (review events)...
    fetching commits list...
    commit 1: 03e5ae48921756d457b586e29c975bb3fba4e3c4 diffstat...
  PR #10486 [MERGED] author=lakamine title=KSO-6942 Included NodeName in MessageHub subscription
    fetching activities (review events)...
    fetching commits list...
    commit 1: cd1f4b088513df665210cc54e97baf61e0268d43 diffstat...
  PR #10482 [MERGED] author=lakamine title=KSO-6689 Created AnalyticsProcessor class responsible to send analytics events
    fetching activities (review events)...
    fetching commits list...
    commit 1: 96ad9bedf244a92048540df42a15ee1dcd5c7fba diffstat...
  PR #10467 [MERGED] author=lakamine title=KSO-6942 Changed to Subscribe and Unsubscrine when Starting and Stopping Kiosk and Added logs for DigitalReceipt
    fetching activities (review events)...
    fetching commits list...
    commit 1: 7c023c7c1266f0a00f644192efda1219879edc49 diffstat...
  PR #10468 [MERGED] author=lakamine title=KSO-6942 Changed to Subscribe and Unsubscrine when Starting and Stopping Kiosk and Added logs for DigitalReceipt
    fetching activities (review events)...
    fetching commits list...
    commit 1: db1c1fdba8c987b0ccf727097c32a4461f610eae diffstat...
  PR #10463 [MERGED] author=lakamine title=KSO-6942 Changed to Subscribe and Unsubscrine when Starting and Stopping Kiosk and Added logs for DigitalReceipt
    fetching activities (review events)...
    fetching commits list...
    commit 1: fbe11f405c36ff8ae08b0bcfed005ede08c82b52 diffstat...

Wrote: C:\source\OneDrive - Capgemini\Capgemini\RDI\BitBucket-Metrics\out\prs.csv
Wrote: C:\source\OneDrive - Capgemini\Capgemini\RDI\BitBucket-Metrics\out\commits.csv
Wrote: C:\source\OneDrive - Capgemini\Capgemini\RDI\BitBucket-Metrics\out\users_summary.csv
Wrote: C:\source\OneDrive - Capgemini\Capgemini\RDI\BitBucket-Metrics\out\pr_review_events.csv
Wrote: C:\source\OneDrive - Capgemini\Capgemini\RDI\BitBucket-Metrics\out\pr_review_metrics.csv
=== scan end: 2026-03-17T12:24:02 ===
